// Jest Snapshot v1, https://goo.gl/fbAQLP

exports[`Creators should render the correct JSX 1`] = `
.c1 {
  list-style-type: none;
  margin: 0;
  padding: 0;
}

.c0 {
  margin-top: 0;
  font-size: 22px;
}

<Creators
  creators={
    Array [
      Object {
        "name": "",
        "role": "",
      },
    ]
  }
>
  <div>
    <styled.h3>
      <h3
        className="c0"
      >
        Creative team
      </h3>
    </styled.h3>
    <styled.ul>
      <ul
        className="c1"
      >
        <Creator
          key="c-"
          name=""
          role=""
        >
          <li>
             - 
          </li>
        </Creator>
      </ul>
    </styled.ul>
  </div>
</Creators>
`;
