// Jest Snapshot v1, https://goo.gl/fbAQLP

exports[`Button should render the correct JSX 1`] = `
.c0 {
  font-size: 16px;
  padding: 13px 6px;
  -webkit-box-flex: 1;
  -webkit-flex-grow: 1;
  -ms-flex-positive: 1;
  flex-grow: 1;
  background: transparent;
  color: #6272a4;
  box-sizing: border-box;
  border: 0;
}

@media screen and (min-width:700px) {
  .c0 {
    padding: 13px;
    font-size: 26px;
  }
}

<Button>
  <styled.button
    onClick={[Function]}
  >
    <button
      className="c0"
      onClick={[Function]}
    />
  </styled.button>
</Button>
`;
