// Jest Snapshot v1, https://goo.gl/fbAQLP

exports[`Navigation should render the correct JSX 1`] = `
.c0 {
  width: 100%;
  position: fixed;
  z-index: 1;
  bottom: 0;
  background: #151617 linear-gradient(#1a0f21,#151617 70%) no-repeat;
  padding: 0;
  display: -webkit-box;
  display: -webkit-flex;
  display: -ms-flexbox;
  display: flex;
  -webkit-flex-flow: row wrap;
  -ms-flex-flow: row wrap;
  flex-flow: row wrap;
}

.c2 {
  max-width: 150px;
}

.c1 {
  -webkit-box-flex: 0;
  -webkit-flex-grow: 0;
  -ms-flex-positive: 0;
  flex-grow: 0;
  background: #1e1b2f;
  width: 100%;
  text-align: center;
  -webkit-order: 1;
  -ms-flex-order: 1;
  order: 1;
}

@media screen and (min-width:700px) {
  .c0 {
    bottom: auto;
  }
}

@media screen and (min-width:700px) {
  .c1 {
    -webkit-order: 0;
    -ms-flex-order: 0;
    order: 0;
  }
}

<BrowserRouter>
  <Router
    history={
      Object {
        "action": "POP",
        "block": [Function],
        "createHref": [Function],
        "go": [Function],
        "goBack": [Function],
        "goForward": [Function],
        "length": 1,
        "listen": [Function],
        "location": Object {
          "hash": "",
          "pathname": "/",
          "search": "",
          "state": undefined,
        },
        "push": [Function],
        "replace": [Function],
      }
    }
  >
    <Navigation>
      <styled.nav>
        <nav
          className="c0"
        >
          <styled.header>
            <header
              className="c1"
            >
              <styled.img
                alt="MVL"
                src="logo.svg"
              >
                <img
                  alt="MVL"
                  className="c2"
                  src="logo.svg"
                />
              </styled.img>
            </header>
          </styled.header>
        </nav>
      </styled.nav>
    </Navigation>
  </Router>
</BrowserRouter>
`;
