// Jest Snapshot v1, https://goo.gl/fbAQLP

exports[`Comics should render the correct JSX 1`] = `
.c0 {
  padding-top: 0;
  margin: 0 auto;
  text-align: center;
  display: -webkit-box;
  display: -webkit-flex;
  display: -ms-flexbox;
  display: flex;
  -webkit-flex-flow: row wrap;
  -ms-flex-flow: row wrap;
  flex-flow: row wrap;
  -webkit-align-items: flex-start;
  -webkit-box-align: flex-start;
  -ms-flex-align: flex-start;
  align-items: flex-start;
  -webkit-box-pack: center;
  -webkit-justify-content: center;
  -ms-flex-pack: center;
  justify-content: center;
  -webkit-order: 2;
  -ms-flex-order: 2;
  order: 2;
}

<Comics>
  <styled.section>
    <section
      className="c0"
    />
  </styled.section>
</Comics>
`;
